[2026-08-19T04:37:11.036Z][INFO] Command-line: 'C:\\Program Files\\Unity\\Hub\\Editor\\6000.5.1f1\\Editor\\Data\\Resources\\PackageManager\\Server\\UnityPackageManager.exe' server -s 8004 --ipc-path Unity-Upm-8004 -l 2 --log-file C:\\Users\\Kouta\\Documents\\Growing_Dungeon_UL/Logs/upm.log
[2026-08-19T04:37:11.063Z][INFO] IPC server started (IPC path=Unity-Upm-8004).
[2026-08-19T04:37:11.063Z][INFO] Hint: To connect to this UPM instance, launch Unity with the command-line parameter -upmIpcPath Upm-8004.
[2026-08-19T04:37:12.922Z][INFO] project:list-packages <-- Request received
params: {}
[2026-08-19T04:37:13.002Z][INFO] config:project:get-registries <-- Request received
params: {}
[2026-08-19T04:37:13.009Z][INFO] config:project:get-registries --> 200 (7 ms)
[2026-08-19T04:37:13.009Z][INFO] project:list-packages <-- Request received
params: {}
[2026-08-19T04:37:13.035Z][INFO] project:list-packages --> 200 (114 ms)
[2026-08-19T04:37:13.122Z][INFO] project:list-packages --> 200 (113 ms)
[2026-08-19T04:37:14.601Z][INFO] project:list-packages <-- Request received
params: {}
[2026-08-19T04:37:14.617Z][INFO] project:list-packages <-- Request received
params: {}
[2026-08-19T04:37:14.699Z][INFO] project:list-packages --> 200 (98 ms)
[2026-08-19T04:37:14.713Z][INFO] project:list-packages --> 200 (96 ms)
[2026-08-19T04:37:16.032Z][INFO] project:list-packages <-- Request received
params: {}
[2026-08-19T04:37:16.098Z][INFO] project:list-packages --> 200 (66 ms)
[2026-08-19T04:37:16.134Z][INFO] config:project:get-registries <-- Request received
params: {}
[2026-08-19T04:37:16.136Z][INFO] config:project:get-registries --> 200 (2 ms)
[2026-08-19T04:37:17.645Z][INFO] project:list-packages <-- Request received
params: {}
[2026-08-19T04:37:17.722Z][INFO] project:list-packages --> 200 (77 ms)
[2026-08-19T04:37:21.890Z][INFO] project:list-packages <-- Request received
params: {}
[2026-08-19T04:37:21.947Z][INFO] project:list-packages --> 200 (57 ms)
[2026-08-19T04:37:22.077Z][INFO] project:list-packages <-- Request received
params: {}
[2026-08-19T04:37:22.146Z][INFO] project:list-packages --> 200 (69 ms)
[2026-08-19T04:37:22.163Z][INFO] config:project:get-registries <-- Request received
params: {}
[2026-08-19T04:37:22.166Z][INFO] config:project:get-registries --> 200 (3 ms)
